// Auftrag IHK1
Benötigte Länge: 29.7 cm
Benutzte Flaeche: 54.15 %

Positionierung der Kundenaufträge:
    0 0 100 200 - 1 - Auftrag A
    100 0 420 297 - 2 - Auftrag B

Verbleibende Andockpunkte:
    0 200
    520 0
    100 297
