// Auftrag IHK2
Benötigte Länge: 88.0 cm
Benutzte Flaeche: 92.98 %

Positionierung der Kundenaufträge:
    0 0 297 210 - 2 - Auftrag B
    297 0 297 420 - 3 - Auftrag C
    594 0 300 880 - 4 - Auftrag D
    0 210 100 100 - 1 - Auftrag A
    0 310 297 210 - 5 - Auftrag E
    297 420 297 420 - 8 - Auftrag H
    0 520 297 297 - 10 - Auftrag J

Verbleibende Andockpunkte:
    894 0
    100 210
    297 310
    594 420
    297 840
    594 880
    297 520
    0 817
